python : Creating 
test database for 
alias 'default'...
At line:1 char:1
+ python manage.py 
test candidaturas > 
test_output.txt 2>&1
+ ~~~~~~~~~~~~~~~~~~~
~~~~~~~~~~~~~~~~~~~~~
~~~~~~~~~~~~~~~~~
    + CategoryInfo   
           : NotSpe  
  cified: (Creatin   
 g test d...as 'd    
efault'...:Strin    
g) [], RemoteExc    
eption
    + FullyQualified 
   ErrorId : Native  
  CommandError
 

System check 
identified some 
issues:

WARNINGS:
?: 
(staticfiles.W004) 
The directory 'C:\Use
rs\vagne\OneDrive\Des
ktop\sicfaae\static' 
in the 
STATICFILES_DIRS 
setting does not 
exist.

System check 
identified 1 issue 
(0 silenced).
E
=====================
=====================
=====================
=======
ERROR: 
test_full_workflow (c
andidaturas.tests.Can
didateFlowTests.test_
full_workflow)
---------------------
---------------------
---------------------
-------
Traceback (most 
recent call last):
  File "C:\Users\vagn
e\AppData\Local\Progr
ams\Python\Python314\
Lib\unittest\mock.py"
, line 1432, in 
patched
    return 
func(*newargs, 
**newkeywargs)
  File "C:\Users\vagn
e\OneDrive\Desktop\si
cfaae\candidaturas\te
sts.py", line 30, in 
test_full_workflow
    response = 
self.client.get(url, 
follow=True)
  File "C:\Users\vagn
e\AppData\Local\Progr
ams\Python\Python314\
Lib\site-packages\dja
ngo\test\client.py", 
line 1133, in get
    response = self._
handle_redirects(
        response, 
data=data, 
headers=headers, quer
y_params=query_params
, **extra
    )
  File "C:\Users\vagn
e\AppData\Local\Progr
ams\Python\Python314\
Lib\site-packages\dja
ngo\test\client.py", 
line 1384, in 
_handle_redirects
    response = self._
follow_redirect(
        response,
    ...<4 lines>...
        **extra,
    )
  File "C:\Users\vagn
e\AppData\Local\Progr
ams\Python\Python314\
Lib\site-packages\dja
ngo\test\client.py", 
line 1002, in 
_follow_redirect
    return 
request_method(
        path,
    ...<5 lines>...
        **extra,
    )
  File "C:\Users\vagn
e\AppData\Local\Progr
ams\Python\Python314\
Lib\site-packages\dja
ngo\test\client.py", 
line 1124, in get
    response = 
super().get(
        path,
    ...<4 lines>...
        **extra,
    )
  File "C:\Users\vagn
e\AppData\Local\Progr
ams\Python\Python314\
Lib\site-packages\dja
ngo\test\client.py", 
line 475, in get
    return 
self.generic(
           
~~~~~~~~~~~~^
        "GET",
        ^^^^^^
    ...<4 lines>...
        **extra,
        ^^^^^^^^
    )
    ^
  File "C:\Users\vagn
e\AppData\Local\Progr
ams\Python\Python314\
Lib\site-packages\dja
ngo\test\client.py", 
line 671, in generic
    return 
self.request(**r)
           
~~~~~~~~~~~~^^^^^
  File "C:\Users\vagn
e\AppData\Local\Progr
ams\Python\Python314\
Lib\site-packages\dja
ngo\test\client.py", 
line 1087, in request
    self.check_except
ion(response)
    ~~~~~~~~~~~~~~~~~
~~~^^^^^^^^^^
  File "C:\Users\vagn
e\AppData\Local\Progr
ams\Python\Python314\
Lib\site-packages\dja
ngo\test\client.py", 
line 802, in 
check_exception
    raise exc_value
  File "C:\Users\vagn
e\AppData\Local\Progr
ams\Python\Python314\
Lib\site-packages\dja
ngo\core\handlers\exc
eption.py", line 55, 
in inner
    response = 
get_response(request)
  File "C:\Users\vagn
e\AppData\Local\Progr
ams\Python\Python314\
Lib\site-packages\dja
ngo\core\handlers\bas
e.py", line 198, in 
_get_response
    response = wrappe
d_callback(request, 
*callback_args, 
**callback_kwargs)
  File "C:\Users\vagn
e\OneDrive\Desktop\si
cfaae\candidaturas\vi
ews.py", line 213, 
in gerar_pdf
    response['Content
-Disposition'] = 
f'attachment; filenam
e="{filename}"'
    ~~~~~~~~^^^^^^^^^
^^^^^^^^^^^^^^
TypeError: 'bytes' 
object does not 
support item 
assignment

---------------------
---------------------
---------------------
-------
Ran 1 test in 2.547s

FAILED (errors=1)
Destroying test 
database for alias 
'default'...

Found 1 test(s).
